// Jest Snapshot v1, https://goo.gl/fbAQLP

exports[`Snapshot check default command 1`] = `
Object {
  "description": "Check environment against solidarity rules",
  "run": [Function],
}
`;

exports[`check base solidarity run 1`] = `undefined`;

exports[`check solidarity run 1`] = `undefined`;

exports[`check solidarity verbose run 1`] = `undefined`;
